{
  "notes": [
    "This is a base note."
  ],
  "sources": [
    {
      "url": "https://git.yoctoproject.org/poky",
      "branch": "kirkstone",
      "rev": "kirkstone-4.0.14"
    },
    {
      "url": "https://github.com/openembedded/meta-openembedded",
      "branch": "kirkstone",
      "rev": "8609de00952d65bb813a48c535c937324efeb18a",
      "dir": "meta-openembedded"
    },
    {
      "url": "https://github.com/openembedded/meta-openembedded",
      "branch": "kirkstone-next",
      "rev": "06fc0278f10d630838d703dde707bbf0e2999873",
      "dir": "meta-openembedded"
    }
  ],
  "layers": [
    "poky/meta",
    "poky/meta-poky",
    "meta-openembedded/meta-oe"
  ],
  "builds": {
    "some-build": {
      "notes": [
        "A build note."
      ],
      "target": [
        "sometarget"
      ],
      "local.conf": [
        "MACHINE = 'some-machine'",
        "DISTRO = 'some-distro'"
      ]
    }
  }
}
