exec /bin/sh /bin/sh -c . /layers/poky/oe-init-build-env /builds/build-pi2-base; /bin/sh
exec /bin/sh /bin/sh -c . /layers/poky/oe-init-build-env /builds/build-qemu; /bin/sh
/bin/sh -c source /layers/poky/oe-init-build-env /builds/build-qemu > /dev/null || exit 1; echo test
/bin/sh -c source /layers/poky/oe-init-build-env /builds/build-qemu > /dev/null || exit 1; echo 'test with spaces and quotes "'
