exec /bin/sh /bin/sh -c cd /layers/poky; set /builds/build-pi2-base; . /layers/poky/oe-init-build-env /builds/build-pi2-base; /bin/sh
exec /bin/sh /bin/sh -c cd /layers/poky; set /builds/build-qemu; . /layers/poky/oe-init-build-env /builds/build-qemu; /bin/sh
cd /layers/poky
/bin/sh -c set /builds/build-qemu; . /layers/poky/oe-init-build-env /builds/build-qemu > /dev/null || exit 1; echo test
cd /layers/poky
/bin/sh -c set /builds/build-qemu; . /layers/poky/oe-init-build-env /builds/build-qemu > /dev/null || exit 1; echo 'test with spaces and quotes "'
