# Update layers in project directory
# Downloading source from  git://git.yoctoproject.org/poky
git ls-remote git://git.yoctoproject.org/poky
git clone --recurse-submodules git://git.yoctoproject.org/poky /layers/poky --branch zeus
# Updating source /layers/poky... 
cd /layers/poky
git fetch
cd /layers/poky
git checkout 5531ffc5668c2f24b9018a7b7174b5c77315a1cf
cd /layers/poky
git submodule update --recursive --init
# Downloading source from  git://git.openembedded.org/meta-openembedded
git ls-remote git://git.openembedded.org/meta-openembedded
git clone --recurse-submodules git://git.openembedded.org/meta-openembedded /layers/meta-openembedded --branch zeus
# Updating source /layers/meta-openembedded... 
cd /layers/meta-openembedded
git fetch
cd /layers/meta-openembedded
git checkout 9e60d30669a2ad0598e9abf0cd15ee06b523986b
cd /layers/meta-openembedded
git submodule update --recursive --init
# Downloading source from  git://git.yoctoproject.org/meta-raspberrypi
git ls-remote git://git.yoctoproject.org/meta-raspberrypi
git clone --recurse-submodules git://git.yoctoproject.org/meta-raspberrypi /layers/meta-raspberrypi --branch zeus
# Updating source /layers/meta-raspberrypi... 
cd /layers/meta-raspberrypi
git fetch
cd /layers/meta-raspberrypi
git checkout 0e05098853eea77032bff9cf81955679edd2f35d
cd /layers/meta-raspberrypi
git submodule update --recursive --init
# Generating dirs for all build-configurations
mkdir /builds/build-pi2-base
mkdir /builds/build-pi2-base/conf
cat > /builds/build-pi2-base/conf/local.conf <<-EOF
	# DO NOT EDIT! - This file is automatically created by cooker.


	COOKER_LAYER_DIR = "\${TOPDIR}/../../layers"
	DL_DIR = "\${TOPDIR}/../../downloads"
	SSTATE_DIR = "\${TOPDIR}/../../sstate-cache"
	COOKER_BUILD_NAME = "pi2-base"
	MACHINE = 'raspberrypi2'
	ENABLE_UART = '1'
	INHERIT += 'extrausers'
	EXTRA_USERS_PARAMS_append = 'usermod -P root root;'
	DISTRO ?= "poky"
	PACKAGE_CLASSES ??= "package_rpm"
	BB_DISKMON_DIRS ??= "\
		STOPTASKS,\${TMPDIR},1G,100K \
		STOPTASKS,\${DL_DIR},1G,100K \
		STOPTASKS,\${SSTATE_DIR},1G,100K \
		STOPTASKS,/tmp,100M,100K \
		HALT,\${TMPDIR},100M,1K \
		HALT,\${DL_DIR},100M,1K \
		HALT,\${SSTATE_DIR},100M,1K \
		HALT,/tmp,10M,1K"
	CONF_VERSION ?= "1"
EOF
cat > /builds/build-pi2-base/conf/bblayers.conf <<-EOF
	# DO NOT EDIT! - This file is automatically created by cooker.


	POKY_BBLAYERS_CONF_VERSION = "2"
	BBPATH = "\${TOPDIR}"
	BBFILES ?= ""
	BBLAYERS ?= " \
		\${TOPDIR}/../../layers/meta-openembedded/meta-oe \
		\${TOPDIR}/../../layers/meta-raspberrypi \
		\${TOPDIR}/../../layers/poky/meta \
		\${TOPDIR}/../../layers/poky/meta-poky \
		\${TOPDIR}/../../layers/poky/meta-yocto-bsp \
	"

EOF
cat > /builds/build-pi2-base/conf/templateconf.cfg <<-EOF
	None

EOF
# Building pi2-base (core-image-base)
env bash -c source /layers/poky/oe-init-build-env /builds/build-pi2-base && bitbake  core-image-base
