# build: delta (bakes delta-bitbake-1, delta-bitbake-2)
#  local.conf entries
#   - root=root
#   - second=second
#   - gamma=gamma
#   - first=first
#   - delta=delta
# build: first
#  local.conf entries
#   - root=root
#   - first=first
# build: fourth (bakes fourth-bitbake)
#  local.conf entries
#   - root=root
#   - second=second
#   - third=third
#   - first=first
#   - fourth=fourth
# build: gamma (bakes gamma-bitbake-1, gamma-bitbake-2)
#  local.conf entries
#   - root=root
#   - second=second
#   - gamma=gamma
# build: root
#  local.conf entries
#   - root=root
# build: second
#  local.conf entries
#   - root=root
#   - second=second
# build: third (bakes third-bitbake)
#  local.conf entries
#   - root=root
#   - second=second
#   - third=third
