target: first 
 local.conf entries
  - root=root
  - first=first
target: fourth (bakes fourth-bitbake)
 local.conf entries
  - root=root
  - second=second
  - third=third
  - first=first
  - fourth=fourth
target: root 
 local.conf entries
  - root=root
target: second 
 local.conf entries
  - root=root
  - second=second
target: third (bakes third-bitbake)
 local.conf entries
  - root=root
  - second=second
  - third=third
